initial GPU {
  mirrorPreserved: true,
  red: 1782,
  nonzero: 350080,
  width: 640,
  height: 547,
  shadowAutoUpdate: true,
  target: true,
  canvases: 1
} mirror 1888
separated
insertion warning
nested owner GPU {"nestedFrame":{"mirrorPreserved":null,"red":1827,"nonzero":350080,"width":640,"height":547,"shadowAutoUpdate":true,"target":true,"canvases":1},"ownership":{"a":{"owner":"chair-a","world":[-0.35,0.5,0.3],"scale":[0.8,0.5,10],"children":0},"b":{"owner":"chair-b","world":[0.10000000000000003,0.5,0.3],"scale":[0.8,0.5,10]},"distinctParents":true,"aIncludesB":false}}
{
  "result": "PASS",
  "rootHead": "22a4819d625208a43b54b94d4cb7d6511f4dfe97",
  "outlined": {
    "mirrorPreserved": true,
    "red": 1782,
    "nonzero": 350080,
    "width": 640,
    "height": 547,
    "shadowAutoUpdate": true,
    "target": true,
    "canvases": 1
  },
  "clear": {
    "mirrorPreserved": true,
    "red": 0,
    "nonzero": 311664,
    "width": 604,
    "height": 516,
    "shadowAutoUpdate": true,
    "target": true,
    "canvases": 1
  },
  "inserted": {
    "mirrorPreserved": true,
    "red": 1360,
    "nonzero": 311664,
    "width": 604,
    "height": 516,
    "shadowAutoUpdate": true,
    "target": true,
    "canvases": 1
  },
  "mirror": {
    "firstColors": 1888,
    "secondColors": 1661,
    "cameraChanges": true,
    "pixelSampleChanges": true
  },
  "checks": [
    "actual full-object red GPU contours and preserved surfaces inspected",
    "keyboard separation/save/reload removes all red pixels",
    "actual DOM insertion preview warns and clears on dragleave",
    "partial complete GLTF owned contours + explicit coverage warning",
    "390px focus/keyboard-scroll/max48px/no document overflow",
    "one canvas + null render target + restored shadow updates",
    "trusted mirror GPU texture and reflected camera change under active outline pipeline",
    "zero page errors"
  ],
  "limits": [
    "controlled local room/GLTF fixtures, not live provider/deployed paths",
    "physical touch and mobile hardware GPU unverified"
  ]
}
